`node umzug.mjs --help` output:

...

`node umzug.mjs up` output:

{ event: 'migrating', name: '<<timestamp>>.users-table.mjs' }
{
  event: 'migrated',
  name: '<<timestamp>>.users-table.mjs',
  durationSeconds: ???
}
{ event: 'migrating', name: '<<timestamp>>.roles-table.cjs' }
{
  event: 'migrated',
  name: '<<timestamp>>.roles-table.cjs',
  durationSeconds: ???
}
{ event: 'up', message: 'applied 2 migrations.' }

`node umzug.mjs down` output:

{ event: 'reverting', name: '<<timestamp>>.roles-table.cjs' }
{
  event: 'reverted',
  name: '<<timestamp>>.roles-table.cjs',
  durationSeconds: ???
}
{ event: 'down', message: 'reverted 1 migrations.' }

`node umzug.mjs create --name new-migration-1.cjs` output:

{
  event: 'created',
  path: '<<cwd>>/examples/2-es-modules/migrations/<<timestamp>>.new-migration-1.cjs'
}

`node umzug.mjs create --name new-migration-2.mjs` output:

{
  event: 'created',
  path: '<<cwd>>/examples/2-es-modules/migrations/<<timestamp>>.new-migration-2.mjs'
}